// Jest Snapshot v1, https://goo.gl/fbAQLP

exports[`renders 1`] = `
.c0 {
  position: relative;
  display: inline-block;
  box-sizing: border-box;
  border: none;
  border-radius: 8px;
  font-size: 14px;
  padding: 18px 24px 14px;
  outline: none;
  cursor: pointer;
  width: auto;
  color: #ffffff;
  background-color: #55D6AA;
}

.c0:disabled {
  opacity: 0.5;
  cursor: not-allowed;
}

@media (min-width:768px) {
  .c0 {
    padding: 19px 24px 15px;
    font-size: 16px;
  }
}

<button
  class="c0"
  color="green"
/>
`;
