// Jest Snapshot v1, https://goo.gl/fbAQLP

exports[`renders 1`] = `
.c3 {
  margin-bottom: 8px;
  display: -webkit-box;
  display: -webkit-flex;
  display: -ms-flexbox;
  display: flex;
  -webkit-box-pack: justify;
  -webkit-justify-content: space-between;
  -ms-flex-pack: justify;
  justify-content: space-between;
  -webkit-align-items: flex-start;
  -webkit-box-align: flex-start;
  -ms-flex-align: flex-start;
  align-items: flex-start;
}

.c4 {
  display: -webkit-box;
  display: -webkit-flex;
  display: -ms-flexbox;
  display: flex;
  -webkit-flex-direction: column;
  -ms-flex-direction: column;
  flex-direction: column;
}

.c8 {
  display: -webkit-box;
  display: -webkit-flex;
  display: -ms-flexbox;
  display: flex;
  -webkit-align-items: center;
  -webkit-box-align: center;
  -ms-flex-align: center;
  align-items: center;
  -webkit-box-pack: center;
  -webkit-justify-content: center;
  -ms-flex-pack: center;
  justify-content: center;
  -webkit-flex-shrink: 0;
  -ms-flex-negative: 0;
  flex-shrink: 0;
  width: 32px;
  height: 32px;
  -webkit-transform: rotate(0deg);
  -ms-transform: rotate(0deg);
  transform: rotate(0deg);
}

.c6 {
  font-size: 20px;
  font-weight: 500;
  line-height: 28px;
  text-align: left;
  cursor: inherit;
  color: #112035;
}

.c0 {
  display: none;
  position: absolute;
  z-index: 999;
  top: 0;
  left: 0;
  height: 100vh;
  width: 100%;
  -webkit-box-pack: center;
  -webkit-justify-content: center;
  -ms-flex-pack: center;
  justify-content: center;
  -webkit-align-items: center;
  -webkit-box-align: center;
  -ms-flex-align: center;
  align-items: center;
}

.c1 {
  position: fixed;
  background: #112035;
  opacity: 0.4;
  top: 0;
  bottom: 0;
  left: 0;
  right: 0;
}

.c2 {
  background: #FFFFFF;
  border: 1px solid #D2D2D2;
  box-sizing: border-box;
  border-radius: 8px;
  padding: 24px;
  width: 100%;
  max-width: 460px;
  position: fixed;
  max-height: calc(100vh - 64px);
  overflow: auto;
}

.c7 {
  cursor: pointer;
  background: #F4F4F4;
  border-radius: 32px;
  margin-right: 8px;
}

.c7:hover {
  background: #F4F4F4;
}

.c7 svg {
  padding: 3px;
}

.c5 {
  -webkit-align-self: center;
  -ms-flex-item-align: center;
  align-self: center;
}

@media (max-width:768px) {
  .c2 {
    max-width: none;
    border-radius: 16px 16px 0px 0px;
    padding: 10% 24px;
    max-height: 90vh;
    position: fixed;
    right: 0;
    left: 0;
    bottom: 0;
  }
}

<div
  class="c0"
>
  <div
    class="c1"
  />
  <div
    class="c2"
    width="460px"
  >
    <div
      class="c3"
    >
      <div
        class="c4 c5"
        direction="column"
      >
        <h2
          class="c6"
          color="secondary"
          cursor="inherit"
          title=""
        />
      </div>
      <div
        class="c7"
      >
        <span
          class="c8"
          color="secondary"
          rotate="0"
          size="32"
        >
          <svg
            fill="none"
            height="100%"
            viewBox="0 0 24 24"
            width="100%"
            xmlns="http://www.w3.org/2000/svg"
          >
            <path
              d="M13.414 11.5l7.293-7.67c.39-.42.39-1.097 0-1.516a.953.953 0 00-1.414 0L12 9.985l-7.293-7.67a.953.953 0 00-1.414 0 1.125 1.125 0 000 1.514l7.293 7.671-7.293 7.67a1.125 1.125 0 000 1.516A.965.965 0 004 21a.965.965 0 00.707-.314L12 13.015l7.293 7.67A.965.965 0 0020 21a.965.965 0 00.707-.314c.39-.42.39-1.096 0-1.515L13.414 11.5z"
              fill="#112035"
            />
          </svg>
        </span>
      </div>
    </div>
    <div
      class="c4"
      direction="column"
    >
      Text inside
    </div>
  </div>
</div>
`;
