// Vitest Snapshot v1, https://vitest.dev/guide/snapshot.html

exports[`default renders correctly 1`] = `
<div>
  <div
    class="sc-beySPh kknHUq sc-jTQCzO fAXEzX"
  >
    <div
      class="sc-beySPh kknHUq"
    >
      <h1
        class="sc-beySPh kknHUq sc-eDLKkx gRhnVu"
        cursor="inherit"
        title=""
      >
        This is a Row with a heading
      </h1>
      <p
        class="sc-beySPh kknHUq sc-eDLKkx kyehLF"
        cursor="inherit"
        title=""
      />
    </div>
  </div>
</div>
`;
