// Jest Snapshot v1, https://goo.gl/fbAQLP

exports[`renders 1`] = `
.c0 {
  display: -webkit-box;
  display: -webkit-flex;
  display: -ms-flexbox;
  display: flex;
}

.c8 {
  display: -webkit-box;
  display: -webkit-flex;
  display: -ms-flexbox;
  display: flex;
  -webkit-align-items: center;
  -webkit-box-align: center;
  -ms-flex-align: center;
  align-items: center;
  -webkit-box-pack: center;
  -webkit-justify-content: center;
  -ms-flex-pack: center;
  justify-content: center;
  -webkit-flex-shrink: 0;
  -ms-flex-negative: 0;
  flex-shrink: 0;
  width: 18px;
  height: 18px;
  -webkit-transform: rotate(180deg);
  -ms-transform: rotate(180deg);
  transform: rotate(180deg);
}

.c3 {
  font-size: 14px;
  line-height: 20px;
  font-weight: 500;
  text-align: left;
  cursor: inherit;
  color: #292924;
}

.c5 {
  font-size: 14px;
  line-height: 20px;
  font-weight: 400;
  text-align: left;
  cursor: inherit;
  color: #292924;
}

.c6 {
  font-size: 16px;
  font-weight: 400;
  line-height: 20px;
  text-align: left;
  cursor: inherit;
  color: #292924;
}

.c1 {
  -webkit-align-items: center;
  -webkit-box-align: center;
  -ms-flex-align: center;
  align-items: center;
}

.c1 > button {
  margin-right: 4px;
}

.c1 > button:last-child {
  margin-right: 0;
}

.c2 {
  background: #F1E9DC;
  cursor: pointer;
  display: -webkit-box;
  display: -webkit-flex;
  display: -ms-flexbox;
  display: flex;
  -webkit-box-pack: center;
  -webkit-justify-content: center;
  -ms-flex-pack: center;
  justify-content: center;
  border-radius: 50%;
  width: 24px;
  height: 24px;
}

.c2:hover {
  background-color: #F8F2EA;
}

.c2:active {
  background-color: #F1E9DC;
}

.c2:focus-visible {
  outline: 2px solid #292924;
  outline-offset: 2px;
}

.c4 {
  background: #FFFFFF;
  cursor: pointer;
  display: -webkit-box;
  display: -webkit-flex;
  display: -ms-flexbox;
  display: flex;
  -webkit-box-pack: center;
  -webkit-justify-content: center;
  -ms-flex-pack: center;
  justify-content: center;
  border-radius: 50%;
  width: 24px;
  height: 24px;
}

.c4:hover {
  background-color: #F8F2EA;
}

.c4:active {
  background-color: #F1E9DC;
}

.c4:focus-visible {
  outline: 2px solid #292924;
  outline-offset: 2px;
}

.c7 {
  cursor: pointer;
}

.c7:focus-visible {
  outline: 2px solid #292924;
  outline-offset: 2px;
}

@media (min-width:0px) {
  .c0 {
    -webkit-flex-direction: row;
    -ms-flex-direction: row;
    flex-direction: row;
  }
}

@media (min-width:768px) {
  .c3 {
    font-size: 16px;
    line-height: 23px;
  }
}

@media (min-width:768px) {
  .c5 {
    font-size: 16px;
    line-height: 23px;
  }
}

<div
  class="c0 c1"
  direction="row"
>
  <button
    class="c2"
  >
    <p
      class="c3"
      color="liquorice"
      cursor="inherit"
      title=""
    >
      1
    </p>
  </button>
  <button
    class="c4"
  >
    <p
      class="c5"
      color="liquorice"
      cursor="inherit"
      title=""
    >
      2
    </p>
  </button>
  <button
    class="c4"
  >
    <p
      class="c5"
      color="liquorice"
      cursor="inherit"
      title=""
    >
      3
    </p>
  </button>
  <button
    class="c4"
  >
    <p
      class="c5"
      color="liquorice"
      cursor="inherit"
      title=""
    >
      4
    </p>
  </button>
  <button
    class="c4"
  >
    <p
      class="c5"
      color="liquorice"
      cursor="inherit"
      title=""
    >
      5
    </p>
  </button>
  <button
    class="c4"
  >
    <p
      class="c6"
      color="liquorice"
      cursor="inherit"
      title=""
    >
      ...
    </p>
  </button>
  <button
    class="c4"
  >
    <p
      class="c5"
      color="liquorice"
      cursor="inherit"
      title=""
    >
      11
    </p>
  </button>
  <button
    class="c7"
  >
    <span
      class="c8"
      color="liquorice"
      rotate="180"
      size="18"
    >
      <svg
        fill="none"
        height="100%"
        viewBox="0 0 24 24"
        width="100%"
        xmlns="http://www.w3.org/2000/svg"
      >
        <path
          d="M2.087 12.401c.014.033.042.058.06.089a.99.99 0 00.177.238c.008.007.01.018.018.025l8 7a1 1 0 101.316-1.505L5.661 13H21a1 1 0 100-2H5.661l5.997-5.248a1 1 0 10-1.316-1.504l-8 7c-.008.007-.011.018-.018.025a.99.99 0 00-.177.238c-.018.031-.045.056-.06.089a.97.97 0 000 .801z"
          fill="#292924"
        />
      </svg>
    </span>
  </button>
</div>
`;
