// Vitest Snapshot v1, https://vitest.dev/guide/snapshot.html

exports[`renders 1`] = `
<div
  class="sc-aXZVg sc-dcJsrY hPilDs gOnbei"
  direction="row"
>
  <button
    class="sc-iGgWBj jjBWwA"
  >
    <p
      class="sc-aXZVg sc-fqkvVR byxNQM dmcJhI"
      color="liquorice"
      cursor="inherit"
      title=""
    >
      1
    </p>
  </button>
  <button
    class="sc-iGgWBj hRPnPA"
  >
    <p
      class="sc-aXZVg sc-fqkvVR byxNQM glAOgN"
      color="liquorice"
      cursor="inherit"
      title=""
    >
      2
    </p>
  </button>
  <button
    class="sc-iGgWBj hRPnPA"
  >
    <p
      class="sc-aXZVg sc-fqkvVR byxNQM glAOgN"
      color="liquorice"
      cursor="inherit"
      title=""
    >
      3
    </p>
  </button>
  <button
    class="sc-iGgWBj hRPnPA"
  >
    <p
      class="sc-aXZVg sc-fqkvVR byxNQM glAOgN"
      color="liquorice"
      cursor="inherit"
      title=""
    >
      4
    </p>
  </button>
  <button
    class="sc-iGgWBj hRPnPA"
  >
    <p
      class="sc-aXZVg sc-fqkvVR byxNQM glAOgN"
      color="liquorice"
      cursor="inherit"
      title=""
    >
      5
    </p>
  </button>
  <button
    class="sc-iGgWBj hRPnPA"
  >
    <p
      class="sc-aXZVg sc-fqkvVR byxNQM eIOPip"
      color="liquorice"
      cursor="inherit"
      title=""
    >
      ...
    </p>
  </button>
  <button
    class="sc-iGgWBj hRPnPA"
  >
    <p
      class="sc-aXZVg sc-fqkvVR byxNQM glAOgN"
      color="liquorice"
      cursor="inherit"
      title=""
    >
      11
    </p>
  </button>
  <button
    class="sc-gsFSXq lghVWf"
  >
    <span
      class="sc-aXZVg sc-gEvEer byxNQM euKfNj"
      color="liquorice"
      rotate="180"
      size="18"
    >
      <svg
        fill="none"
        height="100%"
        viewBox="0 0 24 24"
        width="100%"
        xmlns="http://www.w3.org/2000/svg"
      >
        <path
          d="M2.087 12.401c.014.033.042.058.06.089a.99.99 0 00.177.238c.008.007.01.018.018.025l8 7a1 1 0 101.316-1.505L5.661 13H21a1 1 0 100-2H5.661l5.997-5.248a1 1 0 10-1.316-1.504l-8 7c-.008.007-.011.018-.018.025a.99.99 0 00-.177.238c-.018.031-.045.056-.06.089a.97.97 0 000 .801z"
          fill="currentColor"
        />
      </svg>
    </span>
  </button>
</div>
`;
