// Jest Snapshot v1, https://goo.gl/fbAQLP

exports[`renders 1`] = `
.c0 {
  display: -webkit-box;
  display: -webkit-flex;
  display: -ms-flexbox;
  display: flex;
  -webkit-align-items: center;
  -webkit-box-align: center;
  -ms-flex-align: center;
  align-items: center;
  -webkit-box-pack: center;
  -webkit-justify-content: center;
  -ms-flex-pack: center;
  justify-content: center;
  width: 100%;
  max-width: 32px;
  height: 32px;
  -webkit-transform: rotate(0deg);
  -ms-transform: rotate(0deg);
  transform: rotate(0deg);
  margin-top: 0;
  margin-right: 0;
  margin-bottom: 0;
  margin-left: 0;
}

.c0 svg {
  width: 100%;
  height: 100%;
}

.c0 svg path {
  fill: pink;
}

<span
  class="c0"
  color="pink"
  rotate="0"
  size="32"
>
  <div />
</span>
`;
