// Jest Snapshot v1, https://goo.gl/fbAQLP

exports[`renders 1`] = `
.c0 {
  font-family: GorditaRegular,sans-serif;
  font-size: 14px;
  display: inline-block;
  background-color: #D82C2C;
  color: #ffffff;
  padding: 9px 16px 8px 16px;
  border-radius: 8px;
  margin-bottom: 16px;
  margin-right: 16px;
  text-transform: capitalize;
}

<div
  class="c0"
  color="red7"
>
  <span>
    Cancelled - Refunded Manually
  </span>
</div>
`;
