// Jest Snapshot v1, https://goo.gl/fbAQLP

exports[`renders 1`] = `
.c2 {
  font-size: 10px;
  line-height: 12px;
  font-weight: 500;
  text-transform: uppercase;
  text-align: left;
  cursor: inherit;
  color: #DF2929;
}

.c1 {
  border-radius: 6px;
  padding: 4px 8px;
  height: 22px;
  box-sizing: border-box;
  display: -webkit-inline-box;
  display: -webkit-inline-flex;
  display: -ms-inline-flexbox;
  display: inline-flex;
}

.c3 {
  display: -webkit-box;
  display: -webkit-flex;
  display: -ms-flexbox;
  display: flex;
  -webkit-align-items: center;
  -webkit-box-align: center;
  -ms-flex-align: center;
  align-items: center;
  font-size: 10px;
  font-weight: 500;
  line-height: 12px;
  text-transform: uppercase;
}

@media (min-width:0px) {
  .c0 {
    -webkit-box-pack: center;
    -webkit-justify-content: center;
    -ms-flex-pack: center;
    justify-content: center;
  }
}

@media (min-width:0px) {
  .c0 {
    -webkit-align-content: center;
    -ms-flex-line-pack: center;
    align-content: center;
  }
}

<div
  class="c0 c1"
>
  <span
    class="c2 c3"
    color="strawberry"
    cursor="inherit"
    title=""
  >
    Cancelled - Refunded Manually
  </span>
</div>
`;
