// Vitest Snapshot v1, https://vitest.dev/guide/snapshot.html

exports[`renders 1`] = `
<div
  class="sc-beySPh jlZyMd sc-eDLKkx bCShqs"
>
  <span
    class="sc-beySPh kknHUq sc-hLQSwg cibKFK sc-jTQCzO bEAEJu"
    cursor="inherit"
    title=""
  >
    Cancelled - Refunded Manually
  </span>
</div>
`;
