// Jest Snapshot v1, https://goo.gl/fbAQLP

exports[`renders 1`] = `
<label
  class="sc-gLDzan cKIWoR"
  id="MM_SMORES_0"
>
  <span
    class="sc-beqWaB sc-eDDNvR hZdgMF hqAUmg"
    color="secondary"
    cursor="inherit"
    title=""
  />
  <input
    type="checkbox"
  />
  <span
    class="sc-jTrPJq jZLxkx"
  />
</label>
`;
