// Jest Snapshot v1, https://goo.gl/fbAQLP

exports[`renders 1`] = `
<label
  class="sc-iGgWBj oJPrW"
  id="MM_SMORES_0"
>
  <span
    class="sc-aXZVg sc-fqkvVR byxNQM exYCmj"
    color="liquorice"
    cursor="inherit"
    title=""
  />
  <input
    type="checkbox"
  />
  <span
    class="sc-dcJsrY xXSKE"
  />
</label>
`;
