// Vitest Snapshot v1, https://vitest.dev/guide/snapshot.html

exports[`renders 1`] = `
<label
  class="sc-jTQCzO ekdcIV"
  id="MM_SMORES_0"
>
  <span
    class="sc-beySPh kknHUq sc-hLQSwg eFDPTb"
    cursor="inherit"
    title=""
  >
    CheckBox Test
  </span>
  <input
    type="checkbox"
  />
  <span
    class="sc-eDLKkx cVHwVf"
  />
</label>
`;
