// Jest Snapshot v1, https://goo.gl/fbAQLP

exports[`renders 1`] = `
<label
  class="sc-jSMfEi cfWnsZ"
  id="MM_SMORES_0"
>
  <span
    class="sc-hKMtZM xcSNj"
    color="secondary"
    cursor="inherit"
    title=""
  />
  <input
    type="checkbox"
  />
  <span
    class="sc-eCYdqJ ikAbme"
  />
</label>
`;
