// Jest Snapshot v1, https://goo.gl/fbAQLP

exports[`renders 1`] = `
.c1 {
  font-size: 8px;
  line-height: 9px;
  font-weight: bold;
  text-transform: uppercase;
  -webkit-letter-spacing: 0.75px;
  -moz-letter-spacing: 0.75px;
  -ms-letter-spacing: 0.75px;
  letter-spacing: 0.75px;
  margin: 0;
  padding: 0;
  color: #C1C1C1;
  text-align: left;
  cursor: inherit;
  -webkit-letter-spacing: 0.15px;
  -moz-letter-spacing: 0.15px;
  -ms-letter-spacing: 0.15px;
  letter-spacing: 0.15px;
}

.c0 {
  position: relative;
  width: 100%;
  background: #ffffff;
}

.c2 {
  display: block;
  border: none;
  border-bottom: 1px solid;
  border-color: #C1C1C1;
  outline: none;
  color: #112035;
  font-size: 16px;
  height: 32px;
  width: 100%;
  box-sizing: border-box;
}

.c2::-webkit-input-placeholder {
  color: #C1C1C1;
}

.c2::-moz-placeholder {
  color: #C1C1C1;
}

.c2:-ms-input-placeholder {
  color: #C1C1C1;
}

.c2::placeholder {
  color: #C1C1C1;
}

.c3 {
  box-sizing: border-box;
  overflow-y: hidden;
  position: absolute;
  width: 100%;
}

.c3 ul {
  max-height: 0px;
  border-color: transparent;
}

.c4 {
  position: relative;
  list-style: none;
  overflow-y: auto;
  padding: 0;
  margin: 0;
  background-color: #ffffff;
  border: 1px solid #C1C1C1;
  border-top: none;
  border-bottom-left-radius: 8px;
  border-bottom-right-radius: 8px;
  z-index: 1000;
}

.c4 li {
  padding: 16px 14px;
  box-sizing: border-box;
  font-size: 16px;
  color: #112035;
  cursor: pointer;
}

.c4 li:hover {
  background-color: #F8F6F6;
}

@media (min-width:768px) {
  .c1 {
    font-size: 10px;
    line-height: 11px;
  }
}

<div
  class="c0"
>
  <label
    class="c1"
    color="grey4"
    cursor="inherit"
  >
    Days
  </label>
  <input
    autocomplete="off"
    class="c2"
    id="days"
    name="nodejs"
    type="text"
    value=""
  />
  <div
    class="c3"
  >
    <ul
      class="c4"
    >
      <li>
        Monday
      </li>
      <li>
        Tuesday
      </li>
      <li>
        Wednesday
      </li>
      <li>
        Thursday
      </li>
      <li>
        Friday
      </li>
      <li>
        Saturday
      </li>
      <li>
        Sunday
      </li>
    </ul>
  </div>
</div>
`;
