// Jest Snapshot v1, https://goo.gl/fbAQLP

exports[`renders 1`] = `
.c1 {
  margin-bottom: 0px;
}

.c2 {
  font-size: 10px;
  line-height: 12px;
  font-weight: 500;
  text-transform: uppercase;
  text-align: left;
  cursor: inherit;
  color: #636768;
}

.c0 {
  display: -webkit-box;
  display: -webkit-flex;
  display: -ms-flexbox;
  display: flex;
  -webkit-flex-direction: column;
  -ms-flex-direction: column;
  flex-direction: column;
  position: relative;
  width: 100%;
}

.c3 {
  position: relative;
  height: 32px;
}

.c4 {
  display: -webkit-box;
  display: -webkit-flex;
  display: -ms-flexbox;
  display: flex;
  -webkit-align-items: center;
  -webkit-box-align: center;
  -ms-flex-align: center;
  align-items: center;
  border-bottom: 1px solid #D2D2D2;
  padding: 16px 12px;
  color: #112035;
}

.c4:hover,
.c4:focus,
.c4:focus-within {
  border-color: #b9b9b9;
}

.c5 {
  display: block;
  border: none;
  outline: none;
  font-size: 16px;
  width: 100%;
  box-sizing: border-box;
}

.c5::-webkit-input-placeholder {
  color: #636768;
}

.c5::-moz-placeholder {
  color: #636768;
}

.c5:-ms-input-placeholder {
  color: #636768;
}

.c5::placeholder {
  color: #636768;
}

.c6 {
  box-sizing: border-box;
  overflow-y: hidden;
  position: absolute;
  width: 100%;
  visibility: hidden;
}

.c6 ul {
  max-height: 0px;
}

.c7 {
  position: relative;
  list-style: none;
  overflow-y: auto;
  padding: 0;
  margin: 0;
  background-color: #FFFFFF;
  border: 1px solid #D2D2D2;
  border-bottom-left-radius: 8px;
  border-bottom-right-radius: 8px;
  z-index: 1000;
}

.c7 li {
  padding: 16px 14px;
  box-sizing: border-box;
  font-size: 16px;
  color: #112035;
  cursor: pointer;
}

.c7 li:hover {
  background-color: #F4F4F4;
}

<div
  class="c0"
>
  <div
    class="c1"
  >
    <label
      class="c2"
      color="subtext"
      cursor="inherit"
      for="days"
      title=""
    >
      Days
    </label>
  </div>
  <div
    class="c3"
  >
    <div
      class="c4"
    >
      <input
        autocomplete="off"
        class="c5"
        id="days"
        name="search_input"
        type="text"
        value=""
      />
    </div>
    <div
      class="c6"
    >
      <ul
        class="c7"
      >
        <li>
          No results
        </li>
      </ul>
    </div>
  </div>
</div>
`;
