// Jest Snapshot v1, https://goo.gl/fbAQLP

exports[`renders 1`] = `
<div
  class="sc-bdvvtL sc-crHmcD gBhudd bgyDxr"
>
  <div
    class="sc-pVTFL dMzYpF"
  >
    <div
      class="sc-jrQzAO fMTcZw"
    >
      <div
        class="sc-kDTinF bAWwdS"
      >
        <div
          class="sc-bdvvtL bZqKJd"
        >
          <input
            class="sc-gKclnd hrvJci"
            type="radio"
            value=""
          />
          <label
            class="sc-iCfMLu pbIQX"
          >
            <div
              class="sc-jRQBWg fjvgrm"
            />
            <span
              class="sc-furwcr kHYiUQ"
            >
              Yes
            </span>
          </label>
        </div>
      </div>
      <div
        class="sc-kDTinF bAWwdS"
      >
        <div
          class="sc-bdvvtL bZqKJd"
        >
          <input
            class="sc-gKclnd hrvJci"
            id="undefined-1"
            type="radio"
            value="undefined-1"
          />
          <label
            class="sc-iCfMLu pbIQX"
            for="undefined-1"
          >
            <div
              class="sc-jRQBWg fjvgrm"
            />
            <span
              class="sc-furwcr kHYiUQ"
            >
              No
            </span>
          </label>
        </div>
      </div>
    </div>
  </div>
</div>
`;
