// Jest Snapshot v1, https://goo.gl/fbAQLP

exports[`renders 1`] = `
<div
  class="sc-bdvvtL sc-jrQzAO gBhudd cSnzvp"
>
  <div
    class="sc-iqseJM EKxTg"
  >
    <h3
      class="sc-gsDKAQ MYwnP sc-kDTinF fvKitb"
      color="coreSecondary"
      cursor="inherit"
      title=""
    />
  </div>
  <div
    class="sc-gKclnd gUQszg"
  >
    <div
      class="sc-iCfMLu hMAwuh"
    >
      <div
        class="sc-furwcr jlBOWG"
      >
        <div
          class="sc-bdvvtL bZqKJd"
        >
          <input
            class="sc-hKwDye eSvXef"
            type="radio"
            value=""
          />
          <label
            class="sc-eCImPb nRbn"
          >
            <div
              class="sc-dkPtRN bJYGke"
            />
            <span
              class="sc-jRQBWg cWZaCo"
            >
              Yes
            </span>
          </label>
        </div>
      </div>
      <div
        class="sc-furwcr jlBOWG"
      >
        <div
          class="sc-bdvvtL bZqKJd"
        >
          <input
            class="sc-hKwDye eSvXef"
            id="undefined-1"
            type="radio"
            value="undefined-1"
          />
          <label
            class="sc-eCImPb nRbn"
            for="undefined-1"
          >
            <div
              class="sc-dkPtRN bJYGke"
            />
            <span
              class="sc-jRQBWg cWZaCo"
            >
              No
            </span>
          </label>
        </div>
      </div>
    </div>
  </div>
</div>
`;
