// Jest Snapshot v1, https://goo.gl/fbAQLP

exports[`renders 1`] = `
<div
  class="sc-aXZVg sc-jlZhew byxNQM kGjRME"
>
  <div
    class="sc-jXbUNg bLgcdW"
  >
    <div
      class="sc-dhKdcB exaemo"
    >
      <div
        class="sc-kpDqfm lfeHFA"
      >
        <div
          class="sc-aXZVg giPgVs"
        >
          <input
            class="sc-gsFSXq ivVvPU"
            id="MM_SMORES_0"
            type="radio"
            value="MM_SMORES_0"
          />
          <label
            class="sc-kAyceB BngMp"
            for="MM_SMORES_0"
          >
            <div
              class="sc-iGgWBj cykRRW"
            />
            <span
              class="sc-imWYAI bwUMjG"
            >
              Yes
            </span>
          </label>
        </div>
      </div>
      <div
        class="sc-kpDqfm lfeHFA"
      >
        <div
          class="sc-aXZVg giPgVs"
        >
          <input
            class="sc-gsFSXq ivVvPU"
            id="MM_SMORES_0-1"
            type="radio"
            value="MM_SMORES_0-1"
          />
          <label
            class="sc-kAyceB BngMp"
            for="MM_SMORES_0-1"
          >
            <div
              class="sc-iGgWBj cykRRW"
            />
            <span
              class="sc-imWYAI bwUMjG"
            >
              No
            </span>
          </label>
        </div>
      </div>
    </div>
  </div>
</div>
`;
