// Vitest Snapshot v1, https://vitest.dev/guide/snapshot.html

exports[`Modal > renders correctly with default props 1`] = `
<body>
  <div />
  <div
    class="sc-bRKDuR bHjpxP sc-hjsuWn bsprPc"
  >
    <div
      class="sc-jJLAfE ewPHei"
    />
    <div
      class="sc-hwkwBN jhtnxd"
    >
      <div
        class="sc-bRKDuR ckDWJv"
      >
        <div
          class="sc-bRKDuR hhQPmH sc-kNOymR jvyycf"
        >
          <h2
            class="sc-bRKDuR bHjpxP sc-jwTyAe jypqbt"
            cursor="inherit"
            title=""
          >
            Modal Title
          </h2>
        </div>
        <div
          class="sc-bRKDuR cBVQPo"
        >
          <button
            class="sc-ggWZvA YUGjV"
            title="Close modal"
          >
            <span
              class="sc-bRKDuR bHjpxP sc-fhHczv iNYmWQ"
              data-testid="cross-container"
            >
              <svg
                fill="none"
                height="100%"
                viewBox="0 0 24 24"
                width="100%"
                xmlns="http://www.w3.org/2000/svg"
              >
                <path
                  d="M13.414 11.5l7.293-7.67c.39-.42.39-1.097 0-1.516a.953.953 0 00-1.414 0L12 9.985l-7.293-7.67a.953.953 0 00-1.414 0 1.125 1.125 0 000 1.514l7.293 7.671-7.293 7.67a1.125 1.125 0 000 1.516A.965.965 0 004 21a.965.965 0 00.707-.314L12 13.015l7.293 7.67A.965.965 0 0020 21a.965.965 0 00.707-.314c.39-.42.39-1.096 0-1.515L13.414 11.5z"
                  fill="currentColor"
                />
              </svg>
            </span>
          </button>
        </div>
      </div>
      <div
        class="sc-bRKDuR hhQPmH"
      >
        <div>
          Modal Content ...
        </div>
      </div>
    </div>
  </div>
</body>
`;
