// Jest Snapshot v1, https://goo.gl/fbAQLP

exports[`renders 1`] = `
.c0 {
  position: relative;
  width: -webkit-fit-content;
  width: -moz-fit-content;
  width: fit-content;
}

.c2 {
  position: absolute;
  width: 100%;
  max-width: 16px;
  height: 16px;
  top: auto;
  right: auto;
  bottom: auto;
  left: auto;
}

.c1 {
  display: -webkit-box;
  display: -webkit-flex;
  display: -ms-flexbox;
  display: flex;
  -webkit-align-items: center;
  -webkit-box-align: center;
  -ms-flex-align: center;
  align-items: center;
  -webkit-box-pack: center;
  -webkit-justify-content: center;
  -ms-flex-pack: center;
  justify-content: center;
  width: 100%;
  max-width: 32px;
  height: 32px;
  -webkit-transform: rotate(0deg);
  -ms-transform: rotate(0deg);
  transform: rotate(0deg);
  margin-top: 0;
  margin-right: 0;
  margin-bottom: 0;
  margin-left: 0;
}

<div
  class="c0"
>
  <span
    class="c1"
    color="blue7"
    rotate="0"
    size="32"
  />
  <div
    class="c2"
    r="auto"
    size="16"
  >
    <svg
      fill="none"
      height="100%"
      viewBox="0 0 16 16"
      width="100%"
    >
      <circle
        cx="8"
        cy="8"
        fill="#55D6AA"
        r="8"
      />
      <path
        d="M12.3203 4.61579C12.1068 4.43879 11.7928 4.46829 11.6158 4.67979L6.9033 10.3348L4.2773 8.58429C4.0468 8.43029 3.7368 8.49279 3.5838 8.72279C3.4303 8.95229 3.4923 9.26329 3.7223 9.41629L6.7223 11.4163C6.8073 11.4723 6.9038 11.4998 6.9993 11.4998C7.1433 11.4998 7.2853 11.4378 7.3843 11.3198L12.3843 5.31979C12.5608 5.10779 12.5318 4.79229 12.3203 4.61579V4.61579Z"
        fill="white"
      />
    </svg>
  </div>
</div>
`;
