// Jest Snapshot v1, https://goo.gl/fbAQLP

exports[`renders 1`] = `
.c7 {
  display: -webkit-box;
  display: -webkit-flex;
  display: -ms-flexbox;
  display: flex;
  -webkit-box-pack: center;
  -webkit-justify-content: center;
  -ms-flex-pack: center;
  justify-content: center;
  -webkit-align-items: center;
  -webkit-box-align: center;
  -ms-flex-align: center;
  align-items: center;
}

.c4 {
  margin: 0;
  padding: 0;
  color: #112035;
  text-align: left;
  cursor: inherit;
  -webkit-letter-spacing: 0.15px;
  -moz-letter-spacing: 0.15px;
  -ms-letter-spacing: 0.15px;
  letter-spacing: 0.15px;
}

.c3 {
  display: -webkit-box;
  display: -webkit-flex;
  display: -ms-flexbox;
  display: flex;
  -webkit-align-items: center;
  -webkit-box-align: center;
  -ms-flex-align: center;
  align-items: center;
  -webkit-box-pack: center;
  -webkit-justify-content: center;
  -ms-flex-pack: center;
  justify-content: center;
  width: 100%;
  max-width: 24px;
  height: 24px;
  -webkit-transform: rotate(90deg);
  -ms-transform: rotate(90deg);
  transform: rotate(90deg);
}

.c6 {
  display: -webkit-box;
  display: -webkit-flex;
  display: -ms-flexbox;
  display: flex;
  -webkit-align-items: center;
  -webkit-box-align: center;
  -ms-flex-align: center;
  align-items: center;
  -webkit-box-pack: center;
  -webkit-justify-content: center;
  -ms-flex-pack: center;
  justify-content: center;
  width: 100%;
  max-width: 24px;
  height: 24px;
  -webkit-transform: rotate(-90deg);
  -ms-transform: rotate(-90deg);
  transform: rotate(-90deg);
}

.c8 {
  display: grid;
  grid-column-gap: 8px;
  grid-row-gap: 8px;
  grid-template-columns: repeat(7,1fr);
  padding: 16px;
}

.c9 {
  display: -webkit-box;
  display: -webkit-flex;
  display: -ms-flexbox;
  display: flex;
  -webkit-align-items: center;
  -webkit-box-align: center;
  -ms-flex-align: center;
  align-items: center;
  -webkit-box-pack: center;
  -webkit-justify-content: center;
  -ms-flex-pack: center;
  justify-content: center;
  border-radius: 4px;
  width: 32px;
  height: 32px;
  border: 1px solid transparent;
  font-weight: 500;
  font-size: 14px;
  line-height: 15px;
  color: #112035;
  background-color: transparent;
  pointer-events: none;
  opacity: 0.2;
  cursor: pointer;
}

.c9:hover:not(.active) {
  background-color: #ECECEC;
}

.c9.active {
  color: #ffffff;
  background-color: #112035;
  cursor: default;
}

.c10 {
  display: -webkit-box;
  display: -webkit-flex;
  display: -ms-flexbox;
  display: flex;
  -webkit-align-items: center;
  -webkit-box-align: center;
  -ms-flex-align: center;
  align-items: center;
  -webkit-box-pack: center;
  -webkit-justify-content: center;
  -ms-flex-pack: center;
  justify-content: center;
  border-radius: 4px;
  width: 32px;
  height: 32px;
  border: 1px solid transparent;
  font-weight: 500;
  font-size: 14px;
  line-height: 15px;
  color: #112035;
  background-color: transparent;
  opacity: 1;
  cursor: pointer;
}

.c10:hover:not(.active) {
  background-color: #ECECEC;
}

.c10.active {
  color: #ffffff;
  background-color: #112035;
  cursor: default;
}

.c0 {
  font-family: -apple-system,BlinkMacSystemFont,"Segoe UI",Roboto,Helvetica,Arial,sans-serif,"Apple Color Emoji","Segoe UI Emoji","Segoe UI Symbol";
  display: inline-block;
  box-sizing: border-box;
  background-color: #ffffff;
  outline: none;
  border-radius: 8px;
  box-shadow: inset 0 0 0 1px #E5E5E5;
}

.c1 {
  display: -webkit-box;
  display: -webkit-flex;
  display: -ms-flexbox;
  display: flex;
  -webkit-flex-direction: row;
  -ms-flex-direction: row;
  flex-direction: row;
  -webkit-box-pack: justify;
  -webkit-justify-content: space-between;
  -ms-flex-pack: justify;
  justify-content: space-between;
  -webkit-align-items: center;
  -webkit-box-align: center;
  -ms-flex-align: center;
  align-items: center;
  color: #112035;
  -webkit-user-select: none;
  -moz-user-select: none;
  -ms-user-select: none;
  user-select: none;
  padding: 16px;
  border-bottom: 1px solid #E5E5E5;
}

.c1 span {
  font-size: 16px;
  line-height: 1;
}

.c5 {
  position: relative;
  top: 2px;
  font-weight: 500;
}

.c2 {
  background-color: #112035;
  height: 32px;
  width: 32px;
  border-radius: 50%;
  border: none;
  display: -webkit-box;
  display: -webkit-flex;
  display: -ms-flexbox;
  display: flex;
  -webkit-box-pack: center;
  -webkit-justify-content: center;
  -ms-flex-pack: center;
  justify-content: center;
  padding: 0;
  cursor: pointer;
}

.c2:disabled {
  opacity: 0.5;
  cursor: default;
}

@media (min-width:768px) {
  .c8 {
    grid-column-gap: 16px;
    padding: 32px;
  }
}

<div
  class="c0"
  id="datepicker"
>
  <div
    class="c1"
    direction="row"
  >
    <button
      class="c2"
      disabled=""
    >
      <span
        class="c3"
        color="white"
        rotate="90"
        size="24"
      >
        <svg
          fill="none"
          height="100%"
          viewBox="0 0 32 32"
          width="100%"
        >
          <path
            d="M23.66 12.248a1 1 0 0 0-1.412.095L16 19.482l-6.248-7.14a1 1 0 1 0-1.504 1.317l7 8a.995.995 0 0 0 1.504 0l7-8a1 1 0 0 0-.093-1.411z"
            fill="#ffffff"
          />
        </svg>
      </span>
    </button>
    <h4
      class="c4 c5"
      color="blue7"
      cursor="inherit"
    >
      February
    </h4>
    <button
      class="c2"
    >
      <span
        class="c6"
        color="white"
        rotate="-90"
        size="24"
      >
        <svg
          fill="none"
          height="100%"
          viewBox="0 0 32 32"
          width="100%"
        >
          <path
            d="M23.66 12.248a1 1 0 0 0-1.412.095L16 19.482l-6.248-7.14a1 1 0 1 0-1.504 1.317l7 8a.995.995 0 0 0 1.504 0l7-8a1 1 0 0 0-.093-1.411z"
            fill="#ffffff"
          />
        </svg>
      </span>
    </button>
  </div>
  <div
    class="c7"
  >
    <ul
      class="c8"
    >
      <li
        class="c9 ListItem "
        disabled=""
      >
        01
      </li>
      <li
        class="c9 ListItem "
        disabled=""
      >
        02
      </li>
      <li
        class="c9 ListItem "
        disabled=""
      >
        03
      </li>
      <li
        class="c9 ListItem "
        disabled=""
      >
        04
      </li>
      <li
        class="c9 ListItem "
        disabled=""
      >
        05
      </li>
      <li
        class="c9 ListItem "
        disabled=""
      >
        06
      </li>
      <li
        class="c9 ListItem "
        disabled=""
      >
        07
      </li>
      <li
        class="c9 ListItem "
        disabled=""
      >
        08
      </li>
      <li
        class="c9 ListItem "
        disabled=""
      >
        09
      </li>
      <li
        class="c10 ListItem "
      >
        10
      </li>
      <li
        class="c10 ListItem "
      >
        11
      </li>
      <li
        class="c10 ListItem "
      >
        12
      </li>
      <li
        class="c10 ListItem "
      >
        13
      </li>
      <li
        class="c10 ListItem "
      >
        14
      </li>
      <li
        class="c10 ListItem "
      >
        15
      </li>
      <li
        class="c10 ListItem "
      >
        16
      </li>
      <li
        class="c10 ListItem "
      >
        17
      </li>
      <li
        class="c10 ListItem "
      >
        18
      </li>
      <li
        class="c10 ListItem "
      >
        19
      </li>
      <li
        class="c10 ListItem "
      >
        20
      </li>
      <li
        class="c10 ListItem "
      >
        21
      </li>
      <li
        class="c10 ListItem "
      >
        22
      </li>
      <li
        class="c10 ListItem "
      >
        23
      </li>
      <li
        class="c10 ListItem "
      >
        24
      </li>
      <li
        class="c10 ListItem "
      >
        25
      </li>
      <li
        class="c10 ListItem "
      >
        26
      </li>
      <li
        class="c10 ListItem "
      >
        27
      </li>
      <li
        class="c10 ListItem "
      >
        28
      </li>
      <li
        class="c10 ListItem "
      >
        29
      </li>
    </ul>
  </div>
</div>
`;
