// Vitest Snapshot v1, https://vitest.dev/guide/snapshot.html

exports[`SnackbarItem > renders correctly with required props 1`] = `
.c0 {
  display: flex;
}

.c2 {
  display: flex;
}

.c3 {
  font-size: 14px;
  font-weight: 400;
  line-height: 20px;
  text-align: left;
  color: #f8f2ea;
}

.c1 {
  border-radius: 16px;
  background-color: #292924;
}

@media (min-width: 0px) {
  .c0 {
    margin-top: 16px;
  }
}

@media (min-width: 0px) {
  .c0 {
    padding: 16px;
  }
}

@media (min-width: 0px) {
  .c0 {
    justify-content: space-between;
  }
}

@media (min-width: 0px) {
  .c0 {
    align-items: center;
  }
}

@media (min-width: 0px) {
  .c2 {
    align-items: center;
  }
}

<body>
  <div>
    <div
      class="c0 c1"
    >
      <div
        class="c2"
      >
        <p
          class="c3"
          cursor="inherit"
          title=""
        >
          Test message
        </p>
      </div>
    </div>
  </div>
</body>
`;
