// Vitest Snapshot v1, https://vitest.dev/guide/snapshot.html

exports[`SupportMessage > renders correctly with default props 1`] = `
.c4 {
  display: flex;
}

.c3 {
  display: flex;
  align-items: center;
  justify-content: center;
  flex-shrink: 0;
  width: 20px;
  height: 20px;
  transform: rotate(0deg);
}

.c3 svg {
  color: #292924!important;
}

.c5 {
  font-family: CircularXX;
  font-size: 16px;
  font-weight: 400;
  letter-spacing: 0;
  line-height: 1.33;
  text-align: left;
  color: #292924;
}

.c2 {
  align-self: flex-start;
}

.c0 {
  align-items: center;
  background-color: #dad2c4;
  border-radius: 16px;
  padding: 12px;
  display: flex;
  width: 100%;
}

.c6 {
  font-size: 14px;
  line-height: 20px;
}

@media (min-width: 0px) {
  .c1 {
    align-items: center;
  }
}

@media (min-width: 0px) {
  .c4 {
    margin-left: 8px;
    margin-right: 8px;
  }
}

@media (min-width: 0px) {
  .c4 {
    flex-direction: column;
  }
}

<div>
  <div
    class="c0"
  >
    <div
      class="c1 c2"
    >
      <span
        class="c3"
        data-testid="info-container"
      >
        <svg
          fill="none"
          height="100%"
          viewBox="0 0 24 24"
          width="100%"
          xmlns="http://www.w3.org/2000/svg"
        >
          <path
            clip-rule="evenodd"
            d="M12 0C5.383 0 0 5.383 0 12s5.383 12 12 12 12-5.383 12-12S18.617 0 12 0zm-1 6.99a1 1 0 112 0c0 .553-.447 1.005-1 1.005-.553 0-1-.442-1-.995v-.01zM11 11a1 1 0 112 0v7a1 1 0 11-2 0v-7zm-9 1c0 5.514 4.486 10 10 10s10-4.486 10-10S17.514 2 12 2 2 6.486 2 12z"
            fill="currentColor"
            fill-rule="evenodd"
          />
        </svg>
      </span>
    </div>
    <div
      class="c4"
    >
      <p
        class="c5 c6"
        cursor="inherit"
        title=""
      >
        This is an info message.
      </p>
    </div>
  </div>
</div>
`;
