// Vitest Snapshot v1, https://vitest.dev/guide/snapshot.html

exports[`SupportMessage > renders correctly with default props 1`] = `
<div>
  <div
    class="sc-bRKDuR bHjpxP sc-hjsuWn hbGFl"
  >
    <div
      class="sc-bRKDuR dqcIAb sc-jwTyAe ezPUQC"
    >
      <span
        class="sc-bRKDuR bHjpxP sc-fhHczv iNYmWQ"
        color="liquorice"
        data-testid="info-container"
        rotate="0"
        size="20"
      >
        <svg
          fill="none"
          height="100%"
          viewBox="0 0 24 24"
          width="100%"
          xmlns="http://www.w3.org/2000/svg"
        >
          <path
            clip-rule="evenodd"
            d="M12 0C5.383 0 0 5.383 0 12s5.383 12 12 12 12-5.383 12-12S18.617 0 12 0zm-1 6.99a1 1 0 112 0c0 .553-.447 1.005-1 1.005-.553 0-1-.442-1-.995v-.01zM11 11a1 1 0 112 0v7a1 1 0 11-2 0v-7zm-9 1c0 5.514 4.486 10 10 10s10-4.486 10-10S17.514 2 12 2 2 6.486 2 12z"
            fill="currentColor"
            fill-rule="evenodd"
          />
        </svg>
      </span>
    </div>
    <div
      class="sc-bRKDuR hWnpyG"
    >
      <p
        class="sc-bRKDuR bHjpxP sc-dTvVRJ JyLYT sc-kNOymR iMNiPU"
        cursor="inherit"
        title=""
      >
        This is an info message.
      </p>
    </div>
  </div>
</div>
`;
