// Jest Snapshot v1, https://goo.gl/fbAQLP

exports[`renders 1`] = `
.c2 {
  display: -webkit-box;
  display: -webkit-flex;
  display: -ms-flexbox;
  display: flex;
}

.c3 {
  display: -webkit-box;
  display: -webkit-flex;
  display: -ms-flexbox;
  display: flex;
}

.c0 {
  background: #F1E9DC;
  box-sizing: border-box;
  border-radius: 16px;
  padding: 16px;
  position: relative;
  overflow: hidden;
}

@media (min-width:0px) {
  .c1 {
    padding: 0px;
  }
}

@media (min-width:0px) {
  .c2 {
    -webkit-box-pack: justify;
    -webkit-justify-content: space-between;
    -ms-flex-pack: justify;
    justify-content: space-between;
  }
}

@media (min-width:0px) {
  .c2 {
    -webkit-align-items: center;
    -webkit-box-align: center;
    -ms-flex-align: center;
    align-items: center;
  }
}

@media (min-width:0px) {
  .c3 {
    -webkit-align-items: center;
    -webkit-box-align: center;
    -ms-flex-align: center;
    align-items: center;
  }
}

@media (min-width:0px) {
  .c4 {
    margin-top: 0px;
  }
}

<div
  class="c0"
>
  <div
    class="c1"
  >
    <div
      class="c2"
    >
      <div
        class="c3"
      >
        <div
          class=""
        />
      </div>
    </div>
    <div
      class="c4"
    >
      Text inside
    </div>
  </div>
</div>
`;
