// Vitest Snapshot v1, https://vitest.dev/guide/snapshot.html

exports[`renders 1`] = `
<div
  class="sc-aXZVg sc-dcJsrY byxNQM CPfPK"
>
  <div
    class="sc-aXZVg ctmUBA"
  >
    <div
      class="sc-aXZVg erSZXY"
    >
      <div
        class="sc-aXZVg giPgVs"
      >
        <div
          class="sc-aXZVg byxNQM"
        />
      </div>
    </div>
    <div
      class="sc-aXZVg jBfWKp"
    >
      Text inside
    </div>
  </div>
</div>
`;
