// Jest Snapshot v1, https://goo.gl/fbAQLP

exports[`renders 1`] = `
.c0 {
  font-size: 16px;
  font-weight: 400;
  line-height: 20px;
  text-align: left;
  cursor: inherit;
  color: #292924;
}

<p
  class="c0"
  color="liquorice"
  cursor="inherit"
  title=""
>
  The quick brown fox jumps over the lazy dog
</p>
`;
