// Vitest Snapshot v1, https://vitest.dev/guide/snapshot.html

exports[`Datepicker > renders correctly with default props 1`] = `
.c1 {
  display: flex;
}

.c7 {
  display: flex;
}

.c4 {
  display: inline-flex;
  align-items: center;
  justify-content: center;
  width: 16px;
  height: 16px;
}

.c4 svg {
  width: 100%;
  height: 100%;
}

.c5 {
  font-family: CircularXX;
  font-size: 16px;
  font-weight: 400;
  letter-spacing: 0;
  line-height: 1.33;
  text-align: left;
  color: #292924;
}

.c8 {
  justify-items: center;
  display: grid;
  grid-column-gap: 4px;
  grid-row-gap: 8px;
  grid-template-columns: repeat(7, 1fr);
  padding: 8px;
}

.c9 {
  display: flex;
  align-items: center;
  justify-content: center;
  border-radius: 8px;
  width: 32px;
  height: 32px;
  border: 1px solid transparent;
  font-weight: 500;
  font-size: 14px;
  line-height: 15px;
  color: #292924;
  background-color: transparent;
  pointer-events: none;
  opacity: 0.2;
  cursor: pointer;
}

.c9:hover:not(.active) {
  color: #ffffff;
  background-color: #292924;
}

.c9.active {
  color: #ffffff;
  background-color: #292924;
  cursor: default;
}

.c9:focus-visible {
  outline: 2px solid #292924;
  outline-offset: 2px;
}

.c10 {
  display: flex;
  align-items: center;
  justify-content: center;
  border-radius: 8px;
  width: 32px;
  height: 32px;
  border: 1px solid transparent;
  font-weight: 500;
  font-size: 14px;
  line-height: 15px;
  color: #292924;
  background-color: transparent;
  opacity: 1;
  cursor: pointer;
}

.c10:hover:not(.active) {
  color: #ffffff;
  background-color: #292924;
}

.c10.active {
  color: #ffffff;
  background-color: #292924;
  cursor: default;
}

.c10:focus-visible {
  outline: 2px solid #292924;
  outline-offset: 2px;
}

.c0 {
  font-family: -apple-system,BlinkMacSystemFont,"Segoe UI",Roboto,Helvetica,Arial,sans-serif,"Apple Color Emoji","Segoe UI Emoji","Segoe UI Symbol";
  display: inline-block;
  box-sizing: border-box;
  outline: none;
  border-radius: 16px;
  background-color: #f1e9dc;
}

.c2 {
  color: #292924;
  user-select: none;
  padding: 16px;
  border-bottom: 1px solid #dad2c4;
}

.c2 span {
  font-size: 16px;
  line-height: 1;
}

.c6 {
  position: relative;
  top: 2px;
  font-weight: 500;
}

.c3 {
  background-color: #292924;
  height: 32px;
  width: 32px;
  display: flex;
  justify-content: center;
  align-items: center;
  border-radius: 50%;
  border: none;
  padding: 0!important;
  cursor: pointer;
}

.c3 :disabled {
  opacity: 0.5;
  cursor: default;
}

.c3:focus-visible {
  outline: 2px solid #292924;
  outline-offset: 2px;
}

@media (min-width: 0px) {
  .c1 {
    flex-direction: row;
  }
}

@media (min-width: 0px) {
  .c1 {
    justify-content: space-between;
  }
}

@media (min-width: 0px) {
  .c1 {
    align-items: center;
  }
}

@media (min-width: 0px) {
  .c7 {
    justify-content: center;
  }
}

@media (min-width: 0px) {
  .c7 {
    align-items: center;
  }
}

@media (min-width: 360px) {
  .c8 {
    grid-gap: 8px;
    padding: 16px;
  }
}

@media (min-width: 768px) {
  .c8 {
    grid-column-gap: 16px;
    padding: 32px;
  }
}

<div>
  <div
    class="c0"
    id="datepicker"
  >
    <div
      class="c1 c2"
    >
      <button
        aria-label="previous-month"
        class="c3"
        data-testid="last-month"
        disabled=""
        type="button"
      >
        <span
          class="c4"
        >
          <svg
            aria-hidden="true"
            class="svg-inline--fa fa-chevron-left"
            color="#ffffff"
            data-icon="chevron-left"
            data-prefix="far"
            role="img"
            viewBox="0 0 320 512"
          >
            <path
              d="M7.5 239c-9.4 9.4-9.4 24.6 0 33.9l200 200c9.4 9.4 24.6 9.4 33.9 0s9.4-24.6 0-33.9l-183-183 183-183c9.4-9.4 9.4-24.6 0-33.9s-24.6-9.4-33.9 0L7.5 239z"
              fill="currentColor"
            />
          </svg>
        </span>
      </button>
      <h4
        class="c5 c6"
        cursor="inherit"
        title=""
      >
        July
         
      </h4>
      <button
        aria-label="next-month"
        class="c3"
        data-testid="next-month"
        disabled=""
        type="button"
      >
        <span
          class="c4"
        >
          <svg
            aria-hidden="true"
            class="svg-inline--fa fa-chevron-right"
            color="#ffffff"
            data-icon="chevron-right"
            data-prefix="far"
            role="img"
            viewBox="0 0 320 512"
          >
            <path
              d="M313.5 239c9.4 9.4 9.4 24.6 0 33.9l-200 200c-9.4 9.4-24.6 9.4-33.9 0s-9.4-24.6 0-33.9l183-183-183-183c-9.4-9.4-9.4-24.6 0-33.9s24.6-9.4 33.9 0l200 200z"
              fill="currentColor"
            />
          </svg>
        </span>
      </button>
    </div>
    <div
      class="c7"
    >
      <div
        class="c8"
      >
        <button
          aria-label="0-unselectable-date"
          class="c9"
          disabled=""
        />
        <button
          aria-label="1-unselectable-date"
          class="c9"
          disabled=""
        />
        <button
          class="c10 ListButton "
          data-testid="01"
          type="button"
        >
          01
        </button>
        <button
          class="c10 ListButton "
          data-testid="02"
          type="button"
        >
          02
        </button>
        <button
          class="c10 ListButton "
          data-testid="03"
          type="button"
        >
          03
        </button>
        <button
          class="c9 ListButton "
          data-testid="04"
          disabled=""
          type="button"
        >
          04
        </button>
        <button
          class="c9 ListButton "
          data-testid="05"
          disabled=""
          type="button"
        >
          05
        </button>
        <button
          class="c10 ListButton "
          data-testid="06"
          type="button"
        >
          06
        </button>
        <button
          class="c10 ListButton "
          data-testid="07"
          type="button"
        >
          07
        </button>
        <button
          class="c10 ListButton "
          data-testid="08"
          type="button"
        >
          08
        </button>
        <button
          class="c10 ListButton "
          data-testid="09"
          type="button"
        >
          09
        </button>
        <button
          class="c10 ListButton "
          data-testid="10"
          type="button"
        >
          10
        </button>
        <button
          class="c9 ListButton "
          data-testid="11"
          disabled=""
          type="button"
        >
          11
        </button>
        <button
          class="c9 ListButton "
          data-testid="12"
          disabled=""
          type="button"
        >
          12
        </button>
        <button
          class="c10 ListButton "
          data-testid="13"
          type="button"
        >
          13
        </button>
        <button
          class="c10 ListButton "
          data-testid="14"
          type="button"
        >
          14
        </button>
        <button
          class="c10 ListButton "
          data-testid="15"
          type="button"
        >
          15
        </button>
        <button
          class="c9 ListButton "
          data-testid="16"
          disabled=""
          type="button"
        >
          16
        </button>
        <button
          class="c9 ListButton "
          data-testid="17"
          disabled=""
          type="button"
        >
          17
        </button>
        <button
          class="c9 ListButton "
          data-testid="18"
          disabled=""
          type="button"
        >
          18
        </button>
        <button
          class="c9 ListButton "
          data-testid="19"
          disabled=""
          type="button"
        >
          19
        </button>
        <button
          class="c9 ListButton "
          data-testid="20"
          disabled=""
          type="button"
        >
          20
        </button>
        <button
          class="c9 ListButton "
          data-testid="21"
          disabled=""
          type="button"
        >
          21
        </button>
        <button
          class="c9 ListButton "
          data-testid="22"
          disabled=""
          type="button"
        >
          22
        </button>
        <button
          class="c9 ListButton "
          data-testid="23"
          disabled=""
          type="button"
        >
          23
        </button>
        <button
          class="c9 ListButton "
          data-testid="24"
          disabled=""
          type="button"
        >
          24
        </button>
        <button
          class="c9 ListButton "
          data-testid="25"
          disabled=""
          type="button"
        >
          25
        </button>
        <button
          class="c9 ListButton "
          data-testid="26"
          disabled=""
          type="button"
        >
          26
        </button>
        <button
          class="c9 ListButton "
          data-testid="27"
          disabled=""
          type="button"
        >
          27
        </button>
        <button
          class="c9 ListButton "
          data-testid="28"
          disabled=""
          type="button"
        >
          28
        </button>
        <button
          class="c9 ListButton "
          data-testid="29"
          disabled=""
          type="button"
        >
          29
        </button>
        <button
          class="c9 ListButton "
          data-testid="30"
          disabled=""
          type="button"
        >
          30
        </button>
        <button
          class="c9 ListButton "
          data-testid="31"
          disabled=""
          type="button"
        >
          31
        </button>
      </div>
    </div>
  </div>
</div>
`;
