// Jest Snapshot v1, https://goo.gl/fbAQLP

exports[`renders 1`] = `
.c2 {
  display: -webkit-box;
  display: -webkit-flex;
  display: -ms-flexbox;
  display: flex;
}

.c0 {
  display: -webkit-box;
  display: -webkit-flex;
  display: -ms-flexbox;
  display: flex;
  -webkit-flex-direction: column;
  -ms-flex-direction: column;
  flex-direction: column;
  position: relative;
  width: 100%;
}

.c1 {
  position: relative;
  border-color: #D2D2D2;
  background-color: transparent;
  height: 32px;
}

.c1:hover,
.c1:focus-within {
  border-color: #b9b9b9;
}

.c3 {
  border: none;
  border-bottom: 1px solid;
  border-color: #D2D2D2;
  background-color: transparent;
  color: #112035;
  font-size: 16px;
  width: 100%;
  outline: none;
  cursor: initial;
  opacity: 1;
  padding: 1px 2px;
}

.c3:hover,
.c3:focus-within {
  border-color: #b9b9b9;
}

.c3::-webkit-input-placeholder {
  color: #636768;
}

.c3::-moz-placeholder {
  color: #636768;
}

.c3:-ms-input-placeholder {
  color: #636768;
}

.c3::placeholder {
  color: #636768;
}

<div
  class="c0"
>
  <div
    class="c1"
  >
    <div
      class="c2"
    >
      <input
        autocomplete="off"
        class="c3"
        id="textInput"
        name="textInput"
        placeholder="Placeholder"
        type="text"
        value=""
      />
    </div>
  </div>
</div>
`;
