// Vitest Snapshot v1, https://vitest.dev/guide/snapshot.html

exports[`renders 1`] = `
<div
  class="sc-beySPh kknHUq sc-gLLuof bXJti"
>
  <div
    class="sc-beySPh kknHUq"
  >
    <div
      class="sc-beySPh dxKTfv"
    >
      <input
        autocomplete="off"
        class="sc-iBdnpw fBNtKn"
        id="textInput"
        name="textInput"
        placeholder="Placeholder"
        type="text"
        value=""
      />
    </div>
  </div>
</div>
`;
