// Vitest Snapshot v1, https://vitest.dev/guide/snapshot.html

exports[`renders 1`] = `
<div
  class="sc-aXZVg sc-gsFSXq byxNQM cZVmFI"
>
  <div
    class="sc-aXZVg byxNQM"
  >
    <div
      class="sc-aXZVg cowLnB"
    >
      <input
        autocomplete="off"
        class="sc-kAyceB jUthIA"
        id="textInput"
        name="textInput"
        placeholder="Placeholder"
        type="text"
        value=""
      />
    </div>
  </div>
</div>
`;
