// Vitest Snapshot v1, https://vitest.dev/guide/snapshot.html

exports[`renders 1`] = `
<div
  class="sc-beySPh kknHUq sc-eDLKkx dpwazC"
>
  <div
    class="sc-beySPh kknHUq sc-gLLuof iUmYIw"
  >
    <div
      class="sc-beySPh kknHUq sc-iBdnpw hCpalD"
    />
  </div>
  <div
    class="sc-beySPh efxwRk"
  >
    <div
      class="sc-beySPh kBoXEW"
    >
      <div
        class="sc-beySPh kknHUq"
      >
        <p
          class="sc-beySPh kknHUq sc-hLQSwg cVkwUG"
          cursor="inherit"
          title=""
        >
          Some example title
        </p>
        <p
          class="sc-beySPh kknHUq sc-hLQSwg cWaFhx"
          cursor="inherit"
          title=""
        >
          Some example body
        </p>
      </div>
    </div>
  </div>
</div>
`;
