// Vitest Snapshot v1, https://vitest.dev/guide/snapshot.html

exports[`renders 1`] = `
<div
  class="sc-beySPh kknHUq sc-jTQCzO kMSXxa"
>
  <div
    class="sc-beySPh kknHUq sc-iBdnpw hlAknF"
  >
    <div
      class="sc-beySPh kknHUq sc-fsYfdN czoqmp"
    />
  </div>
  <div
    class="sc-beySPh efxwRk"
  >
    <div
      class="sc-beySPh kBoXEW"
    >
      <div
        class="sc-beySPh kknHUq"
      >
        <p
          class="sc-beySPh kknHUq sc-eDLKkx ejkkbP"
          cursor="inherit"
          title=""
        >
          Some example title
        </p>
        <p
          class="sc-beySPh kknHUq sc-eDLKkx uBcAU"
          cursor="inherit"
          title=""
        >
          Some example body
        </p>
      </div>
    </div>
  </div>
</div>
`;
