// Vitest Snapshot v1, https://vitest.dev/guide/snapshot.html

exports[`renders 1`] = `
<div
  class="sc-aXZVg sc-dcJsrY byxNQM kMCjAn"
>
  <div
    class="sc-aXZVg ipJMoi"
  >
    <div
      class="sc-aXZVg giPgVs"
    >
      <div
        class="sc-aXZVg byxNQM"
      />
    </div>
  </div>
</div>
`;
