// Vitest Snapshot v1, https://vitest.dev/guide/snapshot.html

exports[`renders 1`] = `
<div
  class="sc-beySPh kknHUq sc-eDLKkx hfyIYC"
>
  <div
    class="sc-beySPh gomjiQ sc-gLLuof dTOMnO"
  >
    <div
      class="sc-jTQCzO cylpaG"
    >
      <h2
        class="sc-beySPh kknHUq sc-hLQSwg kupRuY"
        cursor="inherit"
        title=""
      >
        How it works
      </h2>
    </div>
    <span
      class="sc-guDLey gQQncJ sc-iBdnpw djvwdx"
    >
      <svg
        fill="none"
        height="100%"
        viewBox="0 0 24 24"
        width="100%"
        xmlns="http://www.w3.org/2000/svg"
      >
        <path
          d="M19.66 8.248a1 1 0 00-1.412.095L12 15.482l-6.248-7.14a1 1 0 10-1.504 1.317l7 8a.995.995 0 001.504 0l7-8a1 1 0 00-.093-1.411z"
          fill="currentColor"
        />
      </svg>
    </span>
  </div>
</div>
`;
